Resolving dependencies...
Downloading packages...
  _fe_analyzer_shared 91.0.0 (92.0.0 available)
  _flutterfire_internals 1.3.64 (1.3.65 available)
  analyzer 8.4.1 (9.0.0 available)
  bloc 8.1.4 (9.2.0 available)
  built_value 8.12.0 (8.12.1 available)
  characters 1.4.0 (1.4.1 available)
  cloud_firestore 6.1.0 (6.1.1 available)
  cloud_firestore_platform_interface 7.0.4 (7.0.5 available)
  cloud_firestore_web 5.1.0 (5.1.1 available)
  code_builder 4.11.0 (4.11.1 available)
  connectivity_plus 5.0.2 (7.0.0 available)
  connectivity_plus_platform_interface 1.2.4 (2.0.1 available)
  firebase_auth 6.1.2 (6.1.3 available)
  firebase_auth_platform_interface 8.1.4 (8.1.5 available)
  firebase_auth_web 6.1.0 (6.1.1 available)
  firebase_core 4.2.1 (4.3.0 available)
  firebase_core_web 3.3.0 (3.3.1 available)
  fl_location 3.1.0 (5.0.0 available)
  fl_location_platform_interface 3.0.0 (5.1.0 available)
  fl_location_web 3.0.0 (5.0.0 available)
  flutter_activity_recognition 3.1.0 (4.0.0 available)
  flutter_bloc 8.1.6 (9.1.1 available)
  flutter_dotenv 5.2.1 (6.0.0 available)
  flutter_launcher_icons 0.13.1 (0.14.4 available)
  flutter_lints 3.0.2 (6.0.0 available)
  flutter_local_notifications 17.2.4 (19.5.0 available)
  flutter_local_notifications_linux 4.0.1 (6.0.0 available)
  flutter_local_notifications_platform_interface 7.2.0 (9.1.0 available)
  flutter_plugin_android_lifecycle 2.0.32 (2.0.33 available)
  flutter_slidable 3.1.2 (4.0.3 available)
  flutter_svg 2.2.2 (2.2.3 available)
  flutter_tts 4.2.3 (4.2.5 available)
  geofence_service 6.0.0+1 (discontinued replaced by geofencing_api)
  geolocator 10.1.1 (14.0.2 available)
  geolocator_android 4.6.2 (5.0.2 available)
  geolocator_web 2.2.1 (4.1.3 available)
  go_router 14.8.1 (17.0.1 available)
  google_fonts 6.3.2 (6.3.3 available)
  google_maps_flutter_android 2.18.5 (2.18.6 available)
  google_maps_flutter_platform_interface 2.14.0 (2.14.1 available)
  google_sign_in 6.3.0 (7.2.0 available)
  google_sign_in_android 6.2.1 (7.2.7 available)
  google_sign_in_ios 5.9.0 (6.2.4 available)
  google_sign_in_platform_interface 2.5.0 (3.1.0 available)
  google_sign_in_web 0.12.4+4 (1.1.0 available)
  image 4.5.4 (4.7.2 available)
  intl 0.19.0 (0.20.2 available)
  js 0.6.7 (0.7.2 available)
  lints 3.0.0 (6.0.0 available)
  matcher 0.12.17 (0.12.18 available)
  material_color_utilities 0.11.1 (0.13.0 available)
  meta 1.16.0 (1.17.0 available)
  mockito 5.5.1 (5.6.1 available)
  path_provider_android 2.2.21 (2.2.22 available)
  path_provider_foundation 2.4.4 (2.5.1 available)
  permission_handler 11.4.0 (12.0.1 available)
  permission_handler_android 12.1.0 (13.0.1 available)
  shared_preferences_android 2.4.16 (2.4.18 available)
  test_api 0.7.6 (0.7.8 available)
  timezone 0.9.4 (0.10.1 available)
  watcher 1.1.4 (1.2.0 available)
  web_socket_channel 2.4.0 (3.0.3 available)
  workmanager 0.6.0 (0.9.0+3 available)
Got dependencies!
1 package is discontinued.
62 packages have newer versions incompatible with dependency constraints.
Try `flutter pub outdated` for more information.
00:00 +0: loading C:/Users/Public/Documents/Learning/Awarely/test/unit/motivational_engine_test.dart
00:00 +0: MotivationalEngine Tests 1. Schedules generic nudge for Urgent task (< 24h) without settings
🚀 MotivationalEngine: Starting check... (Debug: false, Force: false, Time: 2026-01-06 14:00:00.000)
📋 Found 2 pending items (Goals + Subtasks)
⏳ Checking Deadline Nudges...
00:00 +0 -1: MotivationalEngine Tests 1. Schedules generic nudge for Urgent task (< 24h) without settings [E]
  Used on a non-mockito object
  package:matcher                                 fail
  package:mockito/src/mock.dart 1155:7            _makeVerify.<fn>
  test\unit\motivational_engine_test.dart 124:13  main.<fn>.<fn>
  
  Invalid argument(s): An argument matcher (like `any`) was either not used as an immediate argument to Symbol("showNotification") (argument matchers can only be used as an argument for the very method being stubbed or verified), or was used as a named argument without the Mockito "named" API (Each argument matcher that is used as a named argument needs to specify the name of the argument it is being used in. For example: `when(obj.fn(x: anyNamed("x")))`).
  package:mockito/src/mock.dart 491:7             _InvocationForMatchedArguments._reconstitutePositionalArgs
  package:mockito/src/mock.dart 397:33            new _InvocationForMatchedArguments
  package:mockito/src/mock.dart 363:18            _useMatchedInvocationIfSet
  package:mockito/src/mock.dart 168:18            Mock.noSuchMethod
  test\unit\motivational_engine_test.dart 37:21   MockNotificationService.showNotification
  test\unit\motivational_engine_test.dart 124:32  main.<fn>.<fn>
  ===== asynchronous gap ===========================
  dart:async                                      Future._asyncCompleteError
  test\unit\motivational_engine_test.dart 124:32  main.<fn>.<fn>
  ===== asynchronous gap ===========================
  dart:async                                      _CustomZone.registerUnaryCallback
  test\unit\motivational_engine_test.dart 122:7   main.<fn>.<fn>
  
00:00 +0 -1: MotivationalEngine Tests 2. Schedules generic nudge for Upcoming task (1-2 days) without settings
🚀 MotivationalEngine: Starting check... (Debug: false, Force: false, Time: 2026-01-06 14:00:00.000)
📋 Found 2 pending items (Goals + Subtasks)
⏳ Checking Deadline Nudges...
00:00 +0 -2: MotivationalEngine Tests 2. Schedules generic nudge for Upcoming task (1-2 days) without settings [E]
  Used on a non-mockito object
  package:matcher                                 fail
  package:mockito/src/mock.dart 1155:7            _makeVerify.<fn>
  test\unit\motivational_engine_test.dart 140:13  main.<fn>.<fn>
  
  Invalid argument(s): An argument matcher (like `any`) was either not used as an immediate argument to Symbol("showNotification") (argument matchers can only be used as an argument for the very method being stubbed or verified), or was used as a named argument without the Mockito "named" API (Each argument matcher that is used as a named argument needs to specify the name of the argument it is being used in. For example: `when(obj.fn(x: anyNamed("x")))`).
  package:mockito/src/mock.dart 491:7             _InvocationForMatchedArguments._reconstitutePositionalArgs
  package:mockito/src/mock.dart 397:33            new _InvocationForMatchedArguments
  package:mockito/src/mock.dart 363:18            _useMatchedInvocationIfSet
  package:mockito/src/mock.dart 168:18            Mock.noSuchMethod
  test\unit\motivational_engine_test.dart 37:21   MockNotificationService.showNotification
  test\unit\motivational_engine_test.dart 140:32  main.<fn>.<fn>
  ===== asynchronous gap ===========================
  dart:async                                      Future._asyncCompleteError
  test\unit\motivational_engine_test.dart 140:32  main.<fn>.<fn>
  ===== asynchronous gap ===========================
  dart:async                                      _CustomZone.registerUnaryCallback
  test\unit\motivational_engine_test.dart 138:7   main.<fn>.<fn>
  
00:00 +0 -2: MotivationalEngine Tests 3. Does NOT schedule generic nudge for Far Future task (> 2 days)
🚀 MotivationalEngine: Starting check... (Debug: false, Force: false, Time: 2026-01-06 14:00:00.000)
📋 Found 2 pending items (Goals + Subtasks)
⏳ Checking Deadline Nudges...
00:00 +1 -2: MotivationalEngine Tests 4. Should NOT schedule generic nudge if notifications disabled in Settings
🚀 MotivationalEngine: Starting check... (Debug: false, Force: false, Time: 2026-01-06 14:00:00.000)
📋 Found 2 pending items (Goals + Subtasks)
⏳ Checking Deadline Nudges...
00:00 +1 -3: MotivationalEngine Tests 4. Should NOT schedule generic nudge if notifications disabled in Settings [E]
  No matching calls (actually, no calls at all).
  (If you called `verify(...).called(0);`, please instead use `verifyNever(...);`.)
  package:matcher                                 fail
  package:mockito/src/mock.dart 852:7             _VerifyCall._checkWith
  package:mockito/src/mock.dart 1152:18           _makeVerify.<fn>
  test\unit\motivational_engine_test.dart 172:13  main.<fn>.<fn>
  
00:00 +1 -3: MotivationalEngine Tests 5. Should CANCEL generic nudge if custom settings exist (Duplicate Prevention)
🚀 MotivationalEngine: Starting check... (Debug: false, Force: false, Time: 2026-01-06 14:00:00.000)
📋 Found 2 pending items (Goals + Subtasks)
⏳ Checking Deadline Nudges...
00:00 +1 -4: MotivationalEngine Tests 5. Should CANCEL generic nudge if custom settings exist (Duplicate Prevention) [E]
  No matching calls. All calls: MockNotificationService.cancelNotification(16923)
  (If you called `verify(...).called(0);`, please instead use `verifyNever(...);`.)
  package:matcher                                 fail
  package:mockito/src/mock.dart 852:7             _VerifyCall._checkWith
  package:mockito/src/mock.dart 1152:18           _makeVerify.<fn>
  test\unit\motivational_engine_test.dart 190:13  main.<fn>.<fn>
  
00:00 +1 -4: MotivationalEngine Tests 6. Mixed Scenario: Custom Goal cancels, Generic Goal schedules
🚀 MotivationalEngine: Starting check... (Debug: false, Force: false, Time: 2026-01-06 14:00:00.000)
📋 Found 4 pending items (Goals + Subtasks)
⏳ Checking Deadline Nudges...
00:00 +1 -5: MotivationalEngine Tests 6. Mixed Scenario: Custom Goal cancels, Generic Goal schedules [E]
  No matching calls. All calls: MockNotificationService.cancelNotification(4623), MockNotificationService.showNotification({id: 64273, title: Due Today! ⏰, body: Heads up! 'Task' is due today., payload: {"title": "Due Today! ⏰", "body": "Heads up! 'Task' is due today.", "reminder_id": "task_701"}})
  (If you called `verify(...).called(0);`, please instead use `verifyNever(...);`.)
  package:matcher                                 fail
  package:mockito/src/mock.dart 852:7             _VerifyCall._checkWith
  package:mockito/src/mock.dart 1152:18           _makeVerify.<fn>
  test\unit\motivational_engine_test.dart 208:13  main.<fn>.<fn>
  
00:00 +1 -5: MotivationalEngine Tests 7. Morning Kickstart uses Funny Tone
🚀 MotivationalEngine: Starting check... (Debug: false, Force: true, Time: null)
📋 Found 2 pending items (Goals + Subtasks)
☀️ Checking Morning Kickstart...
00:00 +1 -6: MotivationalEngine Tests 7. Morning Kickstart uses Funny Tone [E]
  Used on a non-mockito object
  package:matcher                                 fail
  package:mockito/src/mock.dart 1155:7            _makeVerify.<fn>
  test\unit\motivational_engine_test.dart 228:13  main.<fn>.<fn>
  
  Invalid argument(s): An argument matcher (like `any`) was either not used as an immediate argument to Symbol("showNotification") (argument matchers can only be used as an argument for the very method being stubbed or verified), or was used as a named argument without the Mockito "named" API (Each argument matcher that is used as a named argument needs to specify the name of the argument it is being used in. For example: `when(obj.fn(x: anyNamed("x")))`).
  package:mockito/src/mock.dart 491:7             _InvocationForMatchedArguments._reconstitutePositionalArgs
  package:mockito/src/mock.dart 397:33            new _InvocationForMatchedArguments
  package:mockito/src/mock.dart 363:18            _useMatchedInvocationIfSet
  package:mockito/src/mock.dart 168:18            Mock.noSuchMethod
  test\unit\motivational_engine_test.dart 37:21   MockNotificationService.showNotification
  test\unit\motivational_engine_test.dart 228:32  main.<fn>.<fn>
  ===== asynchronous gap ===========================
  dart:async                                      Future._asyncCompleteError
  test\unit\motivational_engine_test.dart 228:32  main.<fn>.<fn>
  ===== asynchronous gap ===========================
  dart:async                                      _CustomZone.registerUnaryCallback
  test\unit\motivational_engine_test.dart 226:7   main.<fn>.<fn>
  
00:00 +1 -6: MotivationalEngine Tests 8. Morning Kickstart uses Severe Tone
🚀 MotivationalEngine: Starting check... (Debug: false, Force: true, Time: null)
📋 Found 2 pending items (Goals + Subtasks)
☀️ Checking Morning Kickstart...
00:00 +1 -7: MotivationalEngine Tests 8. Morning Kickstart uses Severe Tone [E]
  Used on a non-mockito object
  package:matcher                                 fail
  package:mockito/src/mock.dart 1155:7            _makeVerify.<fn>
  test\unit\motivational_engine_test.dart 246:13  main.<fn>.<fn>
  
  Invalid argument(s): An argument matcher (like `any`) was either not used as an immediate argument to Symbol("showNotification") (argument matchers can only be used as an argument for the very method being stubbed or verified), or was used as a named argument without the Mockito "named" API (Each argument matcher that is used as a named argument needs to specify the name of the argument it is being used in. For example: `when(obj.fn(x: anyNamed("x")))`).
  package:mockito/src/mock.dart 491:7             _InvocationForMatchedArguments._reconstitutePositionalArgs
  package:mockito/src/mock.dart 397:33            new _InvocationForMatchedArguments
  package:mockito/src/mock.dart 363:18            _useMatchedInvocationIfSet
  package:mockito/src/mock.dart 168:18            Mock.noSuchMethod
  test\unit\motivational_engine_test.dart 37:21   MockNotificationService.showNotification
  test\unit\motivational_engine_test.dart 246:32  main.<fn>.<fn>
  ===== asynchronous gap ===========================
  dart:async                                      Future._asyncCompleteError
  test\unit\motivational_engine_test.dart 246:32  main.<fn>.<fn>
  ===== asynchronous gap ===========================
  dart:async                                      _CustomZone.registerUnaryCallback
  test\unit\motivational_engine_test.dart 244:7   main.<fn>.<fn>
  
00:00 +1 -7: MotivationalEngine Tests 9. Morning Kickstart uses Quotes Tone
🚀 MotivationalEngine: Starting check... (Debug: false, Force: true, Time: null)
📋 Found 2 pending items (Goals + Subtasks)
☀️ Checking Morning Kickstart...
00:00 +1 -8: MotivationalEngine Tests 9. Morning Kickstart uses Quotes Tone [E]
  Used on a non-mockito object
  package:matcher                                 fail
  package:mockito/src/mock.dart 1155:7            _makeVerify.<fn>
  test\unit\motivational_engine_test.dart 264:13  main.<fn>.<fn>
  
  Invalid argument(s): An argument matcher (like `any`) was either not used as an immediate argument to Symbol("showNotification") (argument matchers can only be used as an argument for the very method being stubbed or verified), or was used as a named argument without the Mockito "named" API (Each argument matcher that is used as a named argument needs to specify the name of the argument it is being used in. For example: `when(obj.fn(x: anyNamed("x")))`).
  package:mockito/src/mock.dart 491:7             _InvocationForMatchedArguments._reconstitutePositionalArgs
  package:mockito/src/mock.dart 397:33            new _InvocationForMatchedArguments
  package:mockito/src/mock.dart 363:18            _useMatchedInvocationIfSet
  package:mockito/src/mock.dart 168:18            Mock.noSuchMethod
  test\unit\motivational_engine_test.dart 37:21   MockNotificationService.showNotification
  test\unit\motivational_engine_test.dart 264:32  main.<fn>.<fn>
  ===== asynchronous gap ===========================
  dart:async                                      Future._asyncCompleteError
  test\unit\motivational_engine_test.dart 264:32  main.<fn>.<fn>
  ===== asynchronous gap ===========================
  dart:async                                      _CustomZone.registerUnaryCallback
  test\unit\motivational_engine_test.dart 262:7   main.<fn>.<fn>
  
00:00 +1 -8: MotivationalEngine Tests 10. Morning Kickstart uses Motivational Tone (Default)
🚀 MotivationalEngine: Starting check... (Debug: false, Force: true, Time: null)
📋 Found 2 pending items (Goals + Subtasks)
☀️ Checking Morning Kickstart...
00:00 +1 -9: MotivationalEngine Tests 10. Morning Kickstart uses Motivational Tone (Default) [E]
  Used on a non-mockito object
  package:matcher                                 fail
  package:mockito/src/mock.dart 1155:7            _makeVerify.<fn>
  test\unit\motivational_engine_test.dart 282:13  main.<fn>.<fn>
  
  Invalid argument(s): An argument matcher (like `any`) was either not used as an immediate argument to Symbol("showNotification") (argument matchers can only be used as an argument for the very method being stubbed or verified), or was used as a named argument without the Mockito "named" API (Each argument matcher that is used as a named argument needs to specify the name of the argument it is being used in. For example: `when(obj.fn(x: anyNamed("x")))`).
  package:mockito/src/mock.dart 491:7             _InvocationForMatchedArguments._reconstitutePositionalArgs
  package:mockito/src/mock.dart 397:33            new _InvocationForMatchedArguments
  package:mockito/src/mock.dart 363:18            _useMatchedInvocationIfSet
  package:mockito/src/mock.dart 168:18            Mock.noSuchMethod
  test\unit\motivational_engine_test.dart 37:21   MockNotificationService.showNotification
  test\unit\motivational_engine_test.dart 282:32  main.<fn>.<fn>
  ===== asynchronous gap ===========================
  dart:async                                      Future._asyncCompleteError
  test\unit\motivational_engine_test.dart 282:32  main.<fn>.<fn>
  ===== asynchronous gap ===========================
  dart:async                                      _CustomZone.registerUnaryCallback
  test\unit\motivational_engine_test.dart 280:7   main.<fn>.<fn>
  
00:00 +1 -9: MotivationalEngine Tests 11. Skips Morning Kickstart during Quiet Hours testing logic
🚀 MotivationalEngine: Starting check... (Debug: false, Force: false, Time: 2026-01-06 23:00:00.000)
⚠️ MotivationalEngine: No pending items to motivate.
00:00 +2 -9: MotivationalEngine Tests 12. Force=true bypasses Quiet Hours
🚀 MotivationalEngine: Starting check... (Debug: false, Force: true, Time: null)
📋 Found 2 pending items (Goals + Subtasks)
☀️ Checking Morning Kickstart...
00:00 +3 -9: MotivationalEngine Tests 13. Daily Plan goals are excluded from suggestions
🚀 MotivationalEngine: Starting check... (Debug: false, Force: true, Time: null)
⚠️ MotivationalEngine: No pending items to motivate.
00:00 +4 -9: MotivationalEngine Tests 14. Inbox goals are excluded from suggestions
🚀 MotivationalEngine: Starting check... (Debug: false, Force: true, Time: null)
⚠️ MotivationalEngine: No pending items to motivate.
00:00 +5 -9: MotivationalEngine Tests 15. Completed tasks are ignored
🚀 MotivationalEngine: Starting check... (Debug: false, Force: true, Time: null)
📋 Found 1 pending items (Goals + Subtasks)
☀️ Checking Morning Kickstart...
00:00 +5 -10: MotivationalEngine Tests 15. Completed tasks are ignored [E]
  Unexpected calls: MockNotificationService.showNotification({id: 1001, title: Morning Focus ☀️, body: Let's tackle 'Done' today. Small steps!, payload: {"title": "Morning Focus ☀️", "body": "Let's tackle 'Done' today. Small steps!", "reminder_id": "goal_15"}})
  package:matcher                                 fail
  package:mockito/src/mock.dart 860:7             _VerifyCall._checkWith
  package:mockito/src/mock.dart 1152:18           _makeVerify.<fn>
  test\unit\motivational_engine_test.dart 337:18  main.<fn>.<fn>
  
00:00 +5 -10: MotivationalEngine Tests 16. Empty goals list returns early
🚀 MotivationalEngine: Starting check... (Debug: false, Force: true, Time: null)
⚠️ MotivationalEngine: No pending items to motivate.
00:00 +6 -10: MotivationalEngine Tests 17. Goal with no tasks schedules nothing
🚀 MotivationalEngine: Starting check... (Debug: false, Force: true, Time: null)
📋 Found 1 pending items (Goals + Subtasks)
☀️ Checking Morning Kickstart...
00:00 +7 -10: MotivationalEngine Tests 18. Subtasks are recursively included in candidates
🚀 MotivationalEngine: Starting check... (Debug: false, Force: true, Time: null)
📋 Found 3 pending items (Goals + Subtasks)
☀️ Checking Morning Kickstart...
00:00 +8 -10: MotivationalEngine Tests 19. Task without deadline ignored for Deadline Nudges
🚀 MotivationalEngine: Starting check... (Debug: false, Force: false, Time: 2026-01-06 14:00:00.000)
📋 Found 2 pending items (Goals + Subtasks)
⏳ Checking Deadline Nudges...
00:00 +9 -10: MotivationalEngine Tests 20. Priority Low tasks can be picked if no High priority (Kickstart)
🚀 MotivationalEngine: Starting check... (Debug: false, Force: true, Time: null)
📋 Found 2 pending items (Goals + Subtasks)
☀️ Checking Morning Kickstart...
00:00 +10 -10: MotivationalEngine Tests 21. Cancellation failure does not crash engine (Needs Deadline Check)
🚀 MotivationalEngine: Starting check... (Debug: false, Force: false, Time: 2026-01-06 14:00:00.000)
📋 Found 2 pending items (Goals + Subtasks)
⏳ Checking Deadline Nudges...
❌ MotivationalEngine Error: Exception: Native error
00:00 +11 -10: MotivationalEngine Tests 22. Premium Service check is awaited correctly
🚀 MotivationalEngine: Starting check... (Debug: false, Force: true, Time: null)
📋 Found 2 pending items (Goals + Subtasks)
☀️ Checking Morning Kickstart...
00:00 +12 -10: MotivationalEngine Tests 23. Task ID collision handling (Robustness)
🚀 MotivationalEngine: Starting check... (Debug: false, Force: true, Time: null)
📋 Found 3 pending items (Goals + Subtasks)
☀️ Checking Morning Kickstart...
00:00 +13 -10: MotivationalEngine Tests 24. Null Settings in task inheritance checks (Deadline)
🚀 MotivationalEngine: Starting check... (Debug: false, Force: false, Time: 2026-01-06 14:00:00.000)
📋 Found 2 pending items (Goals + Subtasks)
⏳ Checking Deadline Nudges...
00:00 +14 -10: MotivationalEngine Tests 25. Empty Task Title fallback
🚀 MotivationalEngine: Starting check... (Debug: false, Force: false, Time: 2026-01-06 14:00:00.000)
📋 Found 2 pending items (Goals + Subtasks)
⏳ Checking Deadline Nudges...
00:00 +14 -11: MotivationalEngine Tests 25. Empty Task Title fallback [E]
  No matching calls. All calls: MockNotificationService.showNotification({id: 69576, title: Due Today! ⏰, body: Heads up! '' is due today., payload: {"title": "Due Today! ⏰", "body": "Heads up! '' is due today.", "reminder_id": "task_2501"}})
  (If you called `verify(...).called(0);`, please instead use `verifyNever(...);`.)
  package:matcher                                 fail
  package:mockito/src/mock.dart 852:7             _VerifyCall._checkWith
  package:mockito/src/mock.dart 1152:18           _makeVerify.<fn>
  test\unit\motivational_engine_test.dart 456:14  main.<fn>.<fn>
  
00:00 +14 -11: MotivationalEngine Tests 26. Very long Task Title truncation (Implicit)
🚀 MotivationalEngine: Starting check... (Debug: false, Force: false, Time: 2026-01-06 14:00:00.000)
📋 Found 2 pending items (Goals + Subtasks)
⏳ Checking Deadline Nudges...
00:00 +15 -11: MotivationalEngine Tests 27. Future Deadline (>48h) ignores generic nudge
🚀 MotivationalEngine: Starting check... (Debug: false, Force: false, Time: 2026-01-06 14:00:00.000)
📋 Found 2 pending items (Goals + Subtasks)
⏳ Checking Deadline Nudges...
00:00 +16 -11: MotivationalEngine Tests 28. Exact 24h Deadline (Boundary check)
🚀 MotivationalEngine: Starting check... (Debug: false, Force: false, Time: 2026-01-06 14:00:00.000)
📋 Found 2 pending items (Goals + Subtasks)
⏳ Checking Deadline Nudges...
00:00 +16 -12: MotivationalEngine Tests 28. Exact 24h Deadline (Boundary check) [E]
  Used on a non-mockito object
  package:matcher                                 fail
  package:mockito/src/mock.dart 1155:7            _makeVerify.<fn>
  test\unit\motivational_engine_test.dart 491:14  main.<fn>.<fn>
  
  Invalid argument(s): An argument matcher (like `any`) was either not used as an immediate argument to Symbol("showNotification") (argument matchers can only be used as an argument for the very method being stubbed or verified), or was used as a named argument without the Mockito "named" API (Each argument matcher that is used as a named argument needs to specify the name of the argument it is being used in. For example: `when(obj.fn(x: anyNamed("x")))`).
  package:mockito/src/mock.dart 491:7             _InvocationForMatchedArguments._reconstitutePositionalArgs
  package:mockito/src/mock.dart 397:33            new _InvocationForMatchedArguments
  package:mockito/src/mock.dart 363:18            _useMatchedInvocationIfSet
  package:mockito/src/mock.dart 168:18            Mock.noSuchMethod
  test\unit\motivational_engine_test.dart 37:21   MockNotificationService.showNotification
  test\unit\motivational_engine_test.dart 491:33  main.<fn>.<fn>
  ===== asynchronous gap ===========================
  dart:async                                      Future._asyncCompleteError
  test\unit\motivational_engine_test.dart 491:33  main.<fn>.<fn>
  ===== asynchronous gap ===========================
  dart:async                                      _CustomZone.registerUnaryCallback
  test\unit\motivational_engine_test.dart 489:8   main.<fn>.<fn>
  
00:00 +16 -12: MotivationalEngine Tests 29. Past Deadline (Overdue)
🚀 MotivationalEngine: Starting check... (Debug: false, Force: false, Time: 2026-01-06 14:00:00.000)
📋 Found 2 pending items (Goals + Subtasks)
⏳ Checking Deadline Nudges...
00:00 +17 -12: MotivationalEngine Tests 30. Final sanity check with multiple mixed goals
🚀 MotivationalEngine: Starting check... (Debug: false, Force: false, Time: 2026-01-06 14:00:00.000)
📋 Found 2 pending items (Goals + Subtasks)
⏳ Checking Deadline Nudges...
00:00 +18 -12: Some tests failed.
